ðŸŒŸ This was machine generated.  Do not edit. ðŸŒŸ

Frame[0] 
Name: issues
Dimensions: 8 Fields by 3 Rows
+----------------+----------------+----------------------+-----------------+---------------+--------------+-------------------------------+-------------------------------+
| Name: title    | Name: author   | Name: author_company | Name: repo      | Name: number  | Name: closed | Name: created_at              | Name: closed_at               |
| Labels:        | Labels:        | Labels:              | Labels:         | Labels:       | Labels:      | Labels:                       | Labels:                       |
| Type: []string | Type: []string | Type: []string       | Type: []string  | Type: []int64 | Type: []bool | Type: []time.Time             | Type: []*time.Time            |
+----------------+----------------+----------------------+-----------------+---------------+--------------+-------------------------------+-------------------------------+
| Issue #1       | firstUser      | ACME Corp            | grafana/grafana | 1             | false        | 2020-08-25 16:21:56 +0000 UTC | null                          |
| Issue #2       | secondUser     | ACME Corp            | grafana/grafana | 2             | true         | 2020-08-25 16:21:56 +0000 UTC | 2020-08-25 22:21:56 +0000 UTC |
| Issue #3       | firstUser      | ACME Corp            | grafana/grafana | 3             | false        | 2020-08-25 16:21:56 +0000 UTC | null                          |
+----------------+----------------+----------------------+-----------------+---------------+--------------+-------------------------------+-------------------------------+


====== TEST DATA RESPONSE (arrow base64) ======
FRAME=QVJST1cxAAD/////4AMAABAAAAAAAAoADgAMAAsABAAKAAAAFAAAAAAAAAEDAAoADAAAAAgABAAKAAAACAAAAFQAAAACAAAAKAAAAAQAAACo/P//CAAAAAwAAAAAAAAAAAAAAAUAAAByZWZJZAAAAMj8//8IAAAAEAAAAAYAAABpc3N1ZXMAAAQAAABuYW1lAAAAAAgAAADwAgAAgAIAABQCAAC4AQAATAEAAPAAAACAAAAAGAAAAAAAEgAYABQAEwASAAwAAAAIAAQAEgAAABQAAABAAAAAQAAAAAAACgFAAAAAAQAAAAQAAABE/f//CAAAABQAAAAJAAAAY2xvc2VkX2F0AAAABAAAAG5hbWUAAAAAAAAAAJr///8AAAMACQAAAGNsb3NlZF9hdAAAALr9//8UAAAAQAAAAEgAAAAAAAAKSAAAAAEAAAAEAAAAqP3//wgAAAAUAAAACgAAAGNyZWF0ZWRfYXQAAAQAAABuYW1lAAAAAAAAAAAAAAYACAAGAAYAAAAAAAMACgAAAGNyZWF0ZWRfYXQAACb+//8UAAAAPAAAADwAAAAAAAAGOAAAAAEAAAAEAAAAFP7//wgAAAAQAAAABgAAAGNsb3NlZAAABAAAAG5hbWUAAAAAAAAAAAz+//8GAAAAY2xvc2VkAAB+/v//FAAAADwAAABEAAAAAAAAAkgAAAABAAAABAAAAGz+//8IAAAAEAAAAAYAAABudW1iZXIAAAQAAABuYW1lAAAAAAAAAAAIAAwACAAHAAgAAAAAAAABQAAAAAYAAABudW1iZXIAAOb+//8UAAAAPAAAADwAAAAAAAAFOAAAAAEAAAAEAAAA1P7//wgAAAAQAAAABAAAAHJlcG8AAAAABAAAAG5hbWUAAAAAAAAAAMz+//8EAAAAcmVwbwAAAAA+////FAAAAEQAAABEAAAAAAAABUAAAAABAAAABAAAACz///8IAAAAGAAAAA4AAABhdXRob3JfY29tcGFueQAABAAAAG5hbWUAAAAAAAAAACz///8OAAAAYXV0aG9yX2NvbXBhbnkAAKb///8UAAAAPAAAADwAAAAAAAAFOAAAAAEAAAAEAAAAlP///wgAAAAQAAAABgAAAGF1dGhvcgAABAAAAG5hbWUAAAAAAAAAAIz///8GAAAAYXV0aG9yAAAAABIAGAAUAAAAEwAMAAAACAAEABIAAAAUAAAARAAAAEgAAAAAAAAFRAAAAAEAAAAMAAAACAAMAAgABAAIAAAACAAAABAAAAAFAAAAdGl0bGUAAAAEAAAAbmFtZQAAAAAAAAAABAAEAAQAAAAFAAAAdGl0bGUAAAAAAAAA/////xgCAAAUAAAAAAAAAAwAFgAUABMADAAEAAwAAAAgAQAAAAAAABQAAAAAAAADAwAKABgADAAIAAQACgAAABQAAABYAQAAAwAAAAAAAAAAAAAAFAAAAAAAAAAAAAAAAAAAAAAAAAAAAAAAAAAAABAAAAAAAAAAEAAAAAAAAAAYAAAAAAAAACgAAAAAAAAAAAAAAAAAAAAoAAAAAAAAABAAAAAAAAAAOAAAAAAAAAAgAAAAAAAAAFgAAAAAAAAAAAAAAAAAAABYAAAAAAAAABAAAAAAAAAAaAAAAAAAAAAgAAAAAAAAAIgAAAAAAAAAAAAAAAAAAACIAAAAAAAAABAAAAAAAAAAmAAAAAAAAAAwAAAAAAAAAMgAAAAAAAAAAAAAAAAAAADIAAAAAAAAABgAAAAAAAAA4AAAAAAAAAAAAAAAAAAAAOAAAAAAAAAACAAAAAAAAADoAAAAAAAAAAAAAAAAAAAA6AAAAAAAAAAYAAAAAAAAAAABAAAAAAAACAAAAAAAAAAIAQAAAAAAABgAAAAAAAAAAAAAAAgAAAADAAAAAAAAAAAAAAAAAAAAAwAAAAAAAAAAAAAAAAAAAAMAAAAAAAAAAAAAAAAAAAADAAAAAAAAAAAAAAAAAAAAAwAAAAAAAAAAAAAAAAAAAAMAAAAAAAAAAAAAAAAAAAADAAAAAAAAAAAAAAAAAAAAAwAAAAAAAAACAAAAAAAAAAAAAAAIAAAAEAAAABgAAABJc3N1ZSAjMUlzc3VlICMySXNzdWUgIzMAAAAACQAAABMAAAAcAAAAZmlyc3RVc2Vyc2Vjb25kVXNlcmZpcnN0VXNlcgAAAAAAAAAACQAAABIAAAAbAAAAQUNNRSBDb3JwQUNNRSBDb3JwQUNNRSBDb3JwAAAAAAAAAAAADwAAAB4AAAAtAAAAZ3JhZmFuYS9ncmFmYW5hZ3JhZmFuYS9ncmFmYW5hZ3JhZmFuYS9ncmFmYW5hAAAAAQAAAAAAAAACAAAAAAAAAAMAAAAAAAAAAgAAAAAAAAAAaO2yVY8uFgBo7bJVjy4WAGjtslWPLhYCAAAAAAAAAAAAAAAAAAAAAChB1/qiLhYAAAAAAAAAABAAAAAMABQAEgAMAAgABAAMAAAAEAAAACwAAAA4AAAAAAADAAEAAADwAwAAAAAAACACAAAAAAAAIAEAAAAAAAAAAAAAAAAAAAAACgAMAAAACAAEAAoAAAAIAAAAVAAAAAIAAAAoAAAABAAAAKj8//8IAAAADAAAAAAAAAAAAAAABQAAAHJlZklkAAAAyPz//wgAAAAQAAAABgAAAGlzc3VlcwAABAAAAG5hbWUAAAAACAAAAPACAACAAgAAFAIAALgBAABMAQAA8AAAAIAAAAAYAAAAAAASABgAFAATABIADAAAAAgABAASAAAAFAAAAEAAAABAAAAAAAAKAUAAAAABAAAABAAAAET9//8IAAAAFAAAAAkAAABjbG9zZWRfYXQAAAAEAAAAbmFtZQAAAAAAAAAAmv///wAAAwAJAAAAY2xvc2VkX2F0AAAAuv3//xQAAABAAAAASAAAAAAAAApIAAAAAQAAAAQAAACo/f//CAAAABQAAAAKAAAAY3JlYXRlZF9hdAAABAAAAG5hbWUAAAAAAAAAAAAABgAIAAYABgAAAAAAAwAKAAAAY3JlYXRlZF9hdAAAJv7//xQAAAA8AAAAPAAAAAAAAAY4AAAAAQAAAAQAAAAU/v//CAAAABAAAAAGAAAAY2xvc2VkAAAEAAAAbmFtZQAAAAAAAAAADP7//wYAAABjbG9zZWQAAH7+//8UAAAAPAAAAEQAAAAAAAACSAAAAAEAAAAEAAAAbP7//wgAAAAQAAAABgAAAG51bWJlcgAABAAAAG5hbWUAAAAAAAAAAAgADAAIAAcACAAAAAAAAAFAAAAABgAAAG51bWJlcgAA5v7//xQAAAA8AAAAPAAAAAAAAAU4AAAAAQAAAAQAAADU/v//CAAAABAAAAAEAAAAcmVwbwAAAAAEAAAAbmFtZQAAAAAAAAAAzP7//wQAAAByZXBvAAAAAD7///8UAAAARAAAAEQAAAAAAAAFQAAAAAEAAAAEAAAALP///wgAAAAYAAAADgAAAGF1dGhvcl9jb21wYW55AAAEAAAAbmFtZQAAAAAAAAAALP///w4AAABhdXRob3JfY29tcGFueQAApv///xQAAAA8AAAAPAAAAAAAAAU4AAAAAQAAAAQAAACU////CAAAABAAAAAGAAAAYXV0aG9yAAAEAAAAbmFtZQAAAAAAAAAAjP///wYAAABhdXRob3IAAAAAEgAYABQAAAATAAwAAAAIAAQAEgAAABQAAABEAAAASAAAAAAAAAVEAAAAAQAAAAwAAAAIAAwACAAEAAgAAAAIAAAAEAAAAAUAAAB0aXRsZQAAAAQAAABuYW1lAAAAAAAAAAAEAAQABAAAAAUAAAB0aXRsZQAAAAgEAABBUlJPVzE=
