ðŸŒŸ This was machine generated.  Do not edit. ðŸŒŸ

Frame[0] 
Name: milestones
Dimensions: 7 Fields by 3 Rows
+------------------+----------------+--------------+----------------+---------------------------------+---------------------------------+---------------------------------+
| Name: title      | Name: author   | Name: closed | Name: state    | Name: created_at                | Name: closed_at                 | Name: due_at                    |
| Labels:          | Labels:        | Labels:      | Labels:        | Labels:                         | Labels:                         | Labels:                         |
| Type: []string   | Type: []string | Type: []bool | Type: []string | Type: []time.Time               | Type: []*time.Time              | Type: []*time.Time              |
+------------------+----------------+--------------+----------------+---------------------------------+---------------------------------+---------------------------------+
| first milestone  | testUser       | false        | OPEN           | 2020-08-25 16:21:56 +0000 +0000 | null                            | 2020-08-29 20:21:56 +0000 +0000 |
| seoncd milestone | testUser2      | true         | CLOSED         | 2020-08-25 16:21:56 +0000 +0000 | 2020-08-26 02:21:56 +0000 +0000 | 2020-08-29 20:21:56 +0000 +0000 |
| third milestone  | testUser2      | false        | OPEN           | 2020-08-25 16:21:56 +0000 +0000 | null                            | 2020-08-30 16:21:56 +0000 +0000 |
+------------------+----------------+--------------+----------------+---------------------------------+---------------------------------+---------------------------------+


====== TEST DATA RESPONSE (arrow base64) ======
FRAME=QVJST1cxAAD/////aAMAABAAAAAAAAoADgAMAAsABAAKAAAAFAAAAAAAAAEDAAoADAAAAAgABAAKAAAACAAAAFgAAAACAAAAKAAAAAQAAAAc/f//CAAAAAwAAAAAAAAAAAAAAAUAAAByZWZJZAAAADz9//8IAAAAFAAAAAoAAABtaWxlc3RvbmVzAAAEAAAAbmFtZQAAAAAHAAAAeAIAAAgCAACsAQAAUAEAAOAAAAB4AAAABAAAAKL///8UAAAAPAAAADwAAAAAAAoBPAAAAAEAAAAEAAAApP3//wgAAAAQAAAABgAAAGR1ZV9hdAAABAAAAG5hbWUAAAAAAAAAACb///8AAAMABgAAAGR1ZV9hdAAAAAASABgAFAATABIADAAAAAgABAASAAAAFAAAAEAAAABAAAAAAAAKAUAAAAABAAAABAAAABT+//8IAAAAFAAAAAkAAABjbG9zZWRfYXQAAAAEAAAAbmFtZQAAAAAAAAAAmv///wAAAwAJAAAAY2xvc2VkX2F0AAAAiv7//xQAAABAAAAASAAAAAAAAApIAAAAAQAAAAQAAAB4/v//CAAAABQAAAAKAAAAY3JlYXRlZF9hdAAABAAAAG5hbWUAAAAAAAAAAAAABgAIAAYABgAAAAAAAwAKAAAAY3JlYXRlZF9hdAAA9v7//xQAAAA8AAAAPAAAAAAAAAU4AAAAAQAAAAQAAADk/v//CAAAABAAAAAFAAAAc3RhdGUAAAAEAAAAbmFtZQAAAAAAAAAA3P7//wUAAABzdGF0ZQAAAE7///8UAAAAPAAAADwAAAAAAAAGOAAAAAEAAAAEAAAAPP///wgAAAAQAAAABgAAAGNsb3NlZAAABAAAAG5hbWUAAAAAAAAAADT///8GAAAAY2xvc2VkAACm////FAAAADwAAAA8AAAAAAAABTgAAAABAAAABAAAAJT///8IAAAAEAAAAAYAAABhdXRob3IAAAQAAABuYW1lAAAAAAAAAACM////BgAAAGF1dGhvcgAAAAASABgAFAAAABMADAAAAAgABAASAAAAFAAAAEQAAABIAAAAAAAABUQAAAABAAAADAAAAAgADAAIAAQACAAAAAgAAAAQAAAABQAAAHRpdGxlAAAABAAAAG5hbWUAAAAAAAAAAAQABAAEAAAABQAAAHRpdGxlAAAA/////9gBAAAUAAAAAAAAAAwAFgAUABMADAAEAAwAAADoAAAAAAAAABQAAAAAAAADAwAKABgADAAIAAQACgAAABQAAAAoAQAAAwAAAAAAAAAAAAAAEQAAAAAAAAAAAAAAAAAAAAAAAAAAAAAAAAAAABAAAAAAAAAAEAAAAAAAAAAwAAAAAAAAAEAAAAAAAAAAAAAAAAAAAABAAAAAAAAAABAAAAAAAAAAUAAAAAAAAAAgAAAAAAAAAHAAAAAAAAAAAAAAAAAAAABwAAAAAAAAAAgAAAAAAAAAeAAAAAAAAAAAAAAAAAAAAHgAAAAAAAAAEAAAAAAAAACIAAAAAAAAABAAAAAAAAAAmAAAAAAAAAAAAAAAAAAAAJgAAAAAAAAAGAAAAAAAAACwAAAAAAAAAAgAAAAAAAAAuAAAAAAAAAAYAAAAAAAAANAAAAAAAAAAAAAAAAAAAADQAAAAAAAAABgAAAAAAAAAAAAAAAcAAAADAAAAAAAAAAAAAAAAAAAAAwAAAAAAAAAAAAAAAAAAAAMAAAAAAAAAAAAAAAAAAAADAAAAAAAAAAAAAAAAAAAAAwAAAAAAAAAAAAAAAAAAAAMAAAAAAAAAAgAAAAAAAAADAAAAAAAAAAAAAAAAAAAAAAAAAA8AAAAfAAAALgAAAGZpcnN0IG1pbGVzdG9uZXNlb25jZCBtaWxlc3RvbmV0aGlyZCBtaWxlc3RvbmUAAAAAAAAIAAAAEQAAABoAAAB0ZXN0VXNlcnRlc3RVc2VyMnRlc3RVc2VyMgAAAAAAAAIAAAAAAAAAAAAAAAQAAAAKAAAADgAAAE9QRU5DTE9TRURPUEVOAAAAaO2yVY8uFgBo7bJVjy4WAGjtslWPLhYCAAAAAAAAAAAAAAAAAAAAAKgjmhOwLhYAAAAAAAAAAADoC7vA1i8WAOgLu8DWLxYAaHiJPBgwFhAAAAAMABQAEgAMAAgABAAMAAAAEAAAACwAAAA8AAAAAAADAAEAAAB4AwAAAAAAAOABAAAAAAAA6AAAAAAAAAAAAAAAAAAAAAAAAAAAAAoADAAAAAgABAAKAAAACAAAAFgAAAACAAAAKAAAAAQAAAAc/f//CAAAAAwAAAAAAAAAAAAAAAUAAAByZWZJZAAAADz9//8IAAAAFAAAAAoAAABtaWxlc3RvbmVzAAAEAAAAbmFtZQAAAAAHAAAAeAIAAAgCAACsAQAAUAEAAOAAAAB4AAAABAAAAKL///8UAAAAPAAAADwAAAAAAAoBPAAAAAEAAAAEAAAApP3//wgAAAAQAAAABgAAAGR1ZV9hdAAABAAAAG5hbWUAAAAAAAAAACb///8AAAMABgAAAGR1ZV9hdAAAAAASABgAFAATABIADAAAAAgABAASAAAAFAAAAEAAAABAAAAAAAAKAUAAAAABAAAABAAAABT+//8IAAAAFAAAAAkAAABjbG9zZWRfYXQAAAAEAAAAbmFtZQAAAAAAAAAAmv///wAAAwAJAAAAY2xvc2VkX2F0AAAAiv7//xQAAABAAAAASAAAAAAAAApIAAAAAQAAAAQAAAB4/v//CAAAABQAAAAKAAAAY3JlYXRlZF9hdAAABAAAAG5hbWUAAAAAAAAAAAAABgAIAAYABgAAAAAAAwAKAAAAY3JlYXRlZF9hdAAA9v7//xQAAAA8AAAAPAAAAAAAAAU4AAAAAQAAAAQAAADk/v//CAAAABAAAAAFAAAAc3RhdGUAAAAEAAAAbmFtZQAAAAAAAAAA3P7//wUAAABzdGF0ZQAAAE7///8UAAAAPAAAADwAAAAAAAAGOAAAAAEAAAAEAAAAPP///wgAAAAQAAAABgAAAGNsb3NlZAAABAAAAG5hbWUAAAAAAAAAADT///8GAAAAY2xvc2VkAACm////FAAAADwAAAA8AAAAAAAABTgAAAABAAAABAAAAJT///8IAAAAEAAAAAYAAABhdXRob3IAAAQAAABuYW1lAAAAAAAAAACM////BgAAAGF1dGhvcgAAAAASABgAFAAAABMADAAAAAgABAASAAAAFAAAAEQAAABIAAAAAAAABUQAAAABAAAADAAAAAgADAAIAAQACAAAAAgAAAAQAAAABQAAAHRpdGxlAAAABAAAAG5hbWUAAAAAAAAAAAQABAAEAAAABQAAAHRpdGxlAAAAmAMAAEFSUk9XMQ==
